[    0.000000] Initializing cgroup subsys cpuset
[    0.000000] Initializing cgroup subsys cpu
[    0.000000] Initializing cgroup subsys cpuacct
[    0.000000] Linux version 4.4.0-166-generic (buildd@lcy01-amd64-020) (gcc version 5.4.0 20160609 (Ubuntu 5.4.0-6ubuntu1~16.04.10) ) #195-Ubuntu SMP Tue Oct 1 09:35:25 UTC 2019 (Ubuntu 4.4.0-166.195-generic 4.4.194)
[    0.000000] Command line: BOOT_IMAGE=/boot/vmlinuz-4.4.0-166-generic root=LABEL=cloudimg-rootfs ro console=tty1 console=ttyS0
[    0.000000] KERNEL supported cpus:
[    0.000000]   Intel GenuineIntel
[    0.000000]   AMD AuthenticAMD
[    0.000000]   Centaur CentaurHauls
[    0.000000] x86/fpu: xstate_offset[2]:  576, xstate_sizes[2]:  256
[    0.000000] x86/fpu: Supporting XSAVE feature 0x01: 'x87 floating point registers'
[    0.000000] x86/fpu: Supporting XSAVE feature 0x02: 'SSE registers'
[    0.000000] x86/fpu: Supporting XSAVE feature 0x04: 'AVX registers'
[    0.000000] x86/fpu: Enabled xstate features 0x7, context size is 832 bytes, using 'standard' format.
[    0.000000] e820: BIOS-provided physical RAM map:
[    0.000000] BIOS-e820: [mem 0x0000000000000000-0x000000000009fbff] usable
[    0.000000] BIOS-e820: [mem 0x000000000009fc00-0x000000000009ffff] reserved
[    0.000000] BIOS-e820: [mem 0x00000000000f0000-0x00000000000fffff] reserved
[    0.000000] BIOS-e820: [mem 0x0000000000100000-0x000000005ffeffff] usable
[    0.000000] BIOS-e820: [mem 0x000000005fff0000-0x000000005fffffff] ACPI data
[    0.000000] BIOS-e820: [mem 0x00000000fec00000-0x00000000fec00fff] reserved
[    0.000000] BIOS-e820: [mem 0x00000000fee00000-0x00000000fee00fff] reserved
[    0.000000] BIOS-e820: [mem 0x00000000fffc0000-0x00000000ffffffff] reserved
[    0.000000] NX (Execute Disable) protection: active
[    0.000000] SMBIOS 2.5 present.
[    0.000000] Hypervisor detected: KVM
[    0.000000] e820: last_pfn = 0x5fff0 max_arch_pfn = 0x400000000
[    0.000000] MTRR: Disabled
[    0.000000] x86/PAT: MTRRs disabled, skipping PAT initialization too.
[    0.000000] CPU MTRRs all blank - virtualized system.
[    0.000000] x86/PAT: Configuration [0-7]: WB  WT  UC- UC  WB  WT  UC- UC  
[    0.000000] found SMP MP-table at [mem 0x0009fff0-0x0009ffff] mapped at [ffff88000009fff0]
[    0.000000] Scanning 1 areas for low memory corruption
[    0.000000] RAMDISK: [mem 0x362f6000-0x37172fff]
[    0.000000] ACPI: Early table checksum verification disabled
[    0.000000] ACPI: RSDP 0x00000000000E0000 000024 (v02 VBOX  )
[    0.000000] ACPI: XSDT 0x000000005FFF0030 00003C (v01 VBOX   VBOXXSDT 00000001 ASL  00000061)
[    0.000000] ACPI: FACP 0x000000005FFF00F0 0000F4 (v04 VBOX   VBOXFACP 00000001 ASL  00000061)
[    0.000000] ACPI: DSDT 0x000000005FFF0470 0022EA (v02 VBOX   VBOXBIOS 00000002 INTL 20100528)
[    0.000000] ACPI: FACS 0x000000005FFF0200 000040
[    0.000000] ACPI: FACS 0x000000005FFF0200 000040
[    0.000000] ACPI: APIC 0x000000005FFF0240 00005C (v02 VBOX   VBOXAPIC 00000001 ASL  00000061)
[    0.000000] ACPI: SSDT 0x000000005FFF02A0 0001CC (v01 VBOX   VBOXCPUT 00000002 INTL 20100528)
[    0.000000] No NUMA configuration found
[    0.000000] Faking a node at [mem 0x0000000000000000-0x000000005ffeffff]
[    0.000000] NODE_DATA(0) allocated [mem 0x5ffeb000-0x5ffeffff]
[    0.000000] kvm-clock: Using msrs 4b564d01 and 4b564d00
[    0.000000] kvm-clock: cpu 0, msr 0:5ffe3001, primary cpu clock
[    0.000000] kvm-clock: using sched offset of 3383763615 cycles
[    0.000000] clocksource: kvm-clock: mask: 0xffffffffffffffff max_cycles: 0x1cd42e4dffb, max_idle_ns: 881590591483 ns
[    0.000000] Zone ranges:
[    0.000000]   DMA      [mem 0x0000000000001000-0x0000000000ffffff]
[    0.000000]   DMA32    [mem 0x0000000001000000-0x000000005ffeffff]
[    0.000000]   Normal   empty
[    0.000000]   Device   empty
[    0.000000] Movable zone start for each node
[    0.000000] Early memory node ranges
[    0.000000]   node   0: [mem 0x0000000000001000-0x000000000009efff]
[    0.000000]   node   0: [mem 0x0000000000100000-0x000000005ffeffff]
[    0.000000] Initmem setup node 0 [mem 0x0000000000001000-0x000000005ffeffff]
[    0.000000] ACPI: PM-Timer IO Port: 0x4008
[    0.000000] IOAPIC[0]: apic_id 2, version 32, address 0xfec00000, GSI 0-23
[    0.000000] ACPI: INT_SRC_OVR (bus 0 bus_irq 0 global_irq 2 dfl dfl)
[    0.000000] ACPI: INT_SRC_OVR (bus 0 bus_irq 9 global_irq 9 low level)
[    0.000000] Using ACPI (MADT) for SMP configuration information
[    0.000000] smpboot: Allowing 2 CPUs, 0 hotplug CPUs
[    0.000000] PM: Registered nosave memory: [mem 0x00000000-0x00000fff]
[    0.000000] PM: Registered nosave memory: [mem 0x0009f000-0x0009ffff]
[    0.000000] PM: Registered nosave memory: [mem 0x000a0000-0x000effff]
[    0.000000] PM: Registered nosave memory: [mem 0x000f0000-0x000fffff]
[    0.000000] e820: [mem 0x60000000-0xfebfffff] available for PCI devices
[    0.000000] Booting paravirtualized kernel on KVM
[    0.000000] clocksource: refined-jiffies: mask: 0xffffffff max_cycles: 0xffffffff, max_idle_ns: 7645519600211568 ns
[    0.000000] setup_percpu: NR_CPUS:512 nr_cpumask_bits:512 nr_cpu_ids:2 nr_node_ids:1
[    0.000000] PERCPU: Embedded 34 pages/cpu @ffff88005fc00000 s99544 r8192 d31528 u1048576
[    0.000000] Built 1 zonelists in Node order, mobility grouping on.  Total pages: 386936
[    0.000000] Policy zone: DMA32
[    0.000000] Kernel command line: BOOT_IMAGE=/boot/vmlinuz-4.4.0-166-generic root=LABEL=cloudimg-rootfs ro console=tty1 console=ttyS0
[    0.000000] PID hash table entries: 4096 (order: 3, 32768 bytes)
[    0.000000] Memory: 1513808K/1572408K available (8623K kernel code, 1336K rwdata, 4036K rodata, 1488K init, 1288K bss, 58600K reserved, 0K cma-reserved)
[    0.000000] SLUB: HWalign=64, Order=0-3, MinObjects=0, CPUs=2, Nodes=1
[    0.000000] Kernel/User page tables isolation: enabled
[    0.000000] Hierarchical RCU implementation.
[    0.000000] 	Build-time adjustment of leaf fanout to 64.
[    0.000000] 	RCU restricting CPUs from NR_CPUS=512 to nr_cpu_ids=2.
[    0.000000] RCU: Adjusting geometry for rcu_fanout_leaf=64, nr_cpu_ids=2
[    0.000000] NR_IRQS:33024 nr_irqs:440 16
[    0.000000] Console: colour VGA+ 80x25
[    0.000000] console [tty1] enabled
[    0.000000] console [ttyS0] enabled
[    0.000000] tsc: Detected 1391.999 MHz processor
[    0.172926] Calibrating delay loop (skipped) preset value.. 2783.99 BogoMIPS (lpj=5567996)
[    0.174848] pid_max: default: 32768 minimum: 301
[    0.175893] ACPI: Core revision 20150930
[    0.177539] ACPI: 2 ACPI AML tables successfully acquired and loaded
[    0.179157] Security Framework initialized
[    0.180119] Yama: becoming mindful.
[    0.180980] AppArmor: AppArmor initialized
[    0.183261] Dentry cache hash table entries: 262144 (order: 9, 2097152 bytes)
[    0.185041] Inode-cache hash table entries: 131072 (order: 8, 1048576 bytes)
[    0.187852] Mount-cache hash table entries: 4096 (order: 3, 32768 bytes)
[    0.189946] Mountpoint-cache hash table entries: 4096 (order: 3, 32768 bytes)
[    0.191657] Initializing cgroup subsys io
[    0.192747] Initializing cgroup subsys memory
[    0.193813] Initializing cgroup subsys devices
[    0.194828] Initializing cgroup subsys freezer
[    0.195850] Initializing cgroup subsys net_cls
[    0.196922] Initializing cgroup subsys perf_event
[    0.197977] Initializing cgroup subsys net_prio
[    0.199018] Initializing cgroup subsys hugetlb
[    0.200085] Initializing cgroup subsys pids
[    0.202202] mce: CPU supports 0 MCE banks
[    0.203173] Last level iTLB entries: 4KB 64, 2MB 8, 4MB 8
[    0.204379] Last level dTLB entries: 4KB 64, 2MB 0, 4MB 0, 1GB 4
[    0.205672] Spectre V1 : Mitigation: usercopy/swapgs barriers and __user pointer sanitization
[    0.207581] Spectre V2 : Mitigation: Full generic retpoline
[    0.208825] Spectre V2 : Spectre v2 / SpectreRSB mitigation: Filling RSB on context switch
[    0.210680] Speculative Store Bypass: Vulnerable
[    0.211805] MDS: Mitigation: Clear CPU buffers
[    0.215140] Freeing SMP alternatives memory: 36K
[    0.221422] ftrace: allocating 32296 entries in 127 pages
[    0.274626] smpboot: APIC(0) Converting physical 0 to logical package 0
[    0.276033] smpboot: Max logical packages: 1
[    0.277259] x2apic enabled
[    0.278126] Switched APIC routing to physical x2apic.
[    0.280146] ..TIMER: vector=0x30 apic1=0 pin1=2 apic2=-1 pin2=-1
[    0.389535] smpboot: CPU0: Intel(R) Core(TM) i5-8257U CPU @ 1.40GHz (family: 0x6, model: 0x8e, stepping: 0xa)
[    0.392758] Performance Events: unsupported p6 CPU model 142 no PMU driver, software events only.
[    0.404367] KVM setup paravirtual spinlock
[    0.407223] x86: Booting SMP configuration:
[    0.408200] .... node  #0, CPUs:      #1
[    0.409853] kvm-clock: cpu 1, msr 0:5ffe3041, secondary cpu clock
[    0.411981] mce: CPU supports 0 MCE banks
[    0.414716] x86: Booted up 1 node, 2 CPUs
[    0.415811] smpboot: Total of 2 processors activated (5567.99 BogoMIPS)
[    0.417810] devtmpfs: initialized
[    0.419981] evm: security.selinux
[    0.420800] evm: security.SMACK64
[    0.421630] evm: security.SMACK64EXEC
[    0.422495] evm: security.SMACK64TRANSMUTE
[    0.423467] evm: security.SMACK64MMAP
[    0.424380] evm: security.ima
[    0.425511] evm: security.capability
[    0.426554] clocksource: jiffies: mask: 0xffffffff max_cycles: 0xffffffff, max_idle_ns: 7645041785100000 ns
[    0.428907] futex hash table entries: 512 (order: 3, 32768 bytes)
[    0.430506] pinctrl core: initialized pinctrl subsystem
[    0.431784] RTC time:  1:59:05, date: 11/02/19
[    0.432976] NET: Registered protocol family 16
[    0.444862] cpuidle: using governor ladder
[    0.457002] cpuidle: using governor menu
[    0.458080] PCCT header not found.
[    0.459863] ACPI: bus type PCI registered
[    0.460984] acpiphp: ACPI Hot Plug PCI Controller Driver version: 0.5
[    0.462746] PCI: Using configuration type 1 for base access
[    0.477327] ACPI: Added _OSI(Module Device)
[    0.478430] ACPI: Added _OSI(Processor Device)
[    0.479962] ACPI: Added _OSI(3.0 _SCP Extensions)
[    0.481066] ACPI: Added _OSI(Processor Aggregator Device)
[    0.482986] ACPI: Executed 1 blocks of module-level executable AML code
[    0.486202] ACPI: Interpreter enabled
[    0.487123] ACPI: (supports S0 S5)
[    0.487945] ACPI: Using IOAPIC for interrupt routing
[    0.489218] PCI: Using host bridge windows from ACPI; if necessary, use "pci=nocrs" and report a bug
[    0.495282] ACPI: PCI Root Bridge [PCI0] (domain 0000 [bus 00-ff])
[    0.496674] acpi PNP0A03:00: _OSC: OS supports [ASPM ClockPM Segments MSI]
[    0.498560] acpi PNP0A03:00: _OSC: not requesting OS control; OS requires [ExtendedConfig ASPM ClockPM MSI]
[    0.501140] acpi PNP0A03:00: fail to add MMCONFIG information, can't access extended PCI configuration space under this bridge.
[    0.504220] PCI host bridge to bus 0000:00
[    0.505222] pci_bus 0000:00: root bus resource [io  0x0000-0x0cf7 window]
[    0.506884] pci_bus 0000:00: root bus resource [io  0x0d00-0xffff window]
[    0.508389] pci_bus 0000:00: root bus resource [mem 0x000a0000-0x000bffff window]
[    0.510125] pci_bus 0000:00: root bus resource [mem 0x60000000-0xfdffffff window]
[    0.511876] pci_bus 0000:00: root bus resource [bus 00-ff]
[    0.515862] pci 0000:00:01.1: legacy IDE quirk: reg 0x10: [io  0x01f0-0x01f7]
[    0.517516] pci 0000:00:01.1: legacy IDE quirk: reg 0x14: [io  0x03f6]
[    0.518967] pci 0000:00:01.1: legacy IDE quirk: reg 0x18: [io  0x0170-0x0177]
[    0.520585] pci 0000:00:01.1: legacy IDE quirk: reg 0x1c: [io  0x0376]
[    0.550068] pci 0000:00:07.0: quirk: [io  0x4000-0x403f] claimed by PIIX4 ACPI
[    0.551809] pci 0000:00:07.0: quirk: [io  0x4100-0x410f] claimed by PIIX4 SMB
[    0.567399] ACPI: PCI Interrupt Link [LNKA] (IRQs 5 9 10 *11)
[    0.569256] ACPI: PCI Interrupt Link [LNKB] (IRQs 5 9 *10 11)
[    0.570990] ACPI: PCI Interrupt Link [LNKC] (IRQs 5 *9 10 11)
[    0.572768] ACPI: PCI Interrupt Link [LNKD] (IRQs 5 9 10 *11)
[    0.574642] ACPI: Enabled 2 GPEs in block 00 to 07
[    0.576160] vgaarb: setting as boot device: PCI:0000:00:02.0
[    0.577501] vgaarb: device added: PCI:0000:00:02.0,decodes=io+mem,owns=io+mem,locks=none
[    0.579380] vgaarb: loaded
[    0.580210] vgaarb: bridge control possible 0000:00:02.0
[    0.581789] SCSI subsystem initialized
[    0.583046] ACPI: bus type USB registered
[    0.584334] usbcore: registered new interface driver usbfs
[    0.585733] usbcore: registered new interface driver hub
[    0.587108] usbcore: registered new device driver usb
[    0.588619] PCI: Using ACPI for IRQ routing
[    0.591838] NetLabel: Initializing
[    0.593199] NetLabel:  domain hash size = 128
[    0.594699] NetLabel:  protocols = UNLABELED CIPSOv4
[    0.596336] NetLabel:  unlabeled traffic allowed by default
[    0.598140] amd_nb: Cannot enumerate AMD northbridges
[    0.599554] clocksource: Switched to clocksource kvm-clock
[    0.608230] AppArmor: AppArmor Filesystem Enabled
[    0.609764] pnp: PnP ACPI init
[    0.611973] pnp: PnP ACPI: found 3 devices
[    0.622970] clocksource: acpi_pm: mask: 0xffffff max_cycles: 0xffffff, max_idle_ns: 2085701024 ns
[    0.625332] NET: Registered protocol family 2
[    0.626605] TCP established hash table entries: 16384 (order: 5, 131072 bytes)
[    0.628338] TCP bind hash table entries: 16384 (order: 6, 262144 bytes)
[    0.629778] TCP: Hash tables configured (established 16384 bind 16384)
[    0.631167] UDP hash table entries: 1024 (order: 3, 32768 bytes)
[    0.632479] UDP-Lite hash table entries: 1024 (order: 3, 32768 bytes)
[    0.633871] NET: Registered protocol family 1
[    0.634868] pci 0000:00:00.0: Limiting direct PCI/PCI transfers
[    0.636196] pci 0000:00:01.0: Activating ISA DMA hang workarounds
[    0.637655] Unpacking initramfs...
[    0.830774] Freeing initrd memory: 14836K
[    0.831980] clocksource: tsc: mask: 0xffffffffffffffff max_cycles: 0x14109a24aaa, max_idle_ns: 440795250993 ns
[    0.834392] platform rtc_cmos: registered platform RTC device (no PNP device found)
[    0.836237] Scanning for low memory corruption every 60 seconds
[    0.837937] audit: initializing netlink subsys (disabled)
[    0.839161] audit: type=2000 audit(1572659951.265:1): initialized
[    0.840812] Initialise system trusted keyring
[    0.842039] HugeTLB registered 2 MB page size, pre-allocated 0 pages
[    0.844456] zbud: loaded
[    0.845479] VFS: Disk quotas dquot_6.6.0
[    0.846449] VFS: Dquot-cache hash table entries: 512 (order 0, 4096 bytes)
[    0.848142] squashfs: version 4.0 (2009/01/31) Phillip Lougher
[    0.849742] fuse init (API version 7.23)
[    0.850789] Key type big_key registered
[    0.851711] Allocating IMA MOK and blacklist keyrings.
[    0.854203] Key type asymmetric registered
[    0.855406] Asymmetric key parser 'x509' registered
[    0.856765] Block layer SCSI generic (bsg) driver version 0.4 loaded (major 249)
[    0.858613] io scheduler noop registered
[    0.860115] io scheduler deadline registered (default)
[    0.861304] io scheduler cfq registered
[    0.862304] pci_hotplug: PCI Hot Plug PCI Core version: 0.5
[    0.863584] pciehp: PCI Express Hot Plug Controller Driver version: 0.4
[    0.865421] ACPI: AC Adapter [AC] (off-line)
[    0.866482] input: Power Button as /devices/LNXSYSTM:00/LNXPWRBN:00/input/input0
[    0.868319] ACPI: Power Button [PWRF]
[    0.869307] input: Sleep Button as /devices/LNXSYSTM:00/LNXSLPBN:00/input/input1
[    0.871053] ACPI: Sleep Button [SLPF]
[    0.873177] ACPI: Battery Slot [BAT0] (battery present)
[    0.874561] GHES: HEST is not enabled!
[    0.875592] Serial: 8250/16550 driver, 32 ports, IRQ sharing enabled
[    0.897977] 00:02: ttyS0 at I/O 0x3f8 (irq = 4, base_baud =115200) is a 16550A
[    0.900567] Linux agpgart interface v0.103
[    0.904288] loop: module loaded
[    0.905614] scsi host0: ata_piix
[    0.906625] scsi host1: ata_piix
[    0.907440] ata1: PATA max UDMA/33 cmd 0x1f0 ctl 0x3f6 bmdma 0xd000 irq 14
[    0.908937] ata2: PATA max UDMA/33 cmd 0x170 ctl 0x376 bmdma 0xd008 irq 15
[    0.910558] libphy: Fixed MDIO Bus: probed
[    0.911577] tun: Universal TUN/TAP device driver, 1.6
[    0.912769] tun: (C) 1999-2004 Max Krasnyansky <maxk@qualcomm.com>
[    0.914154] PPP generic driver version 2.4.2
[    0.915258] ehci_hcd: USB 2.0 'Enhanced' Host Controller (EHCI) Driver
[    0.916709] ehci-pci: EHCI PCI platform driver
[    0.918120] ehci-platform: EHCI generic platform driver
[    0.919541] ohci_hcd: USB 1.1 'Open' Host Controller (OHCI) Driver
[    0.920970] ohci-pci: OHCI PCI platform driver
[    0.922008] ohci-platform: OHCI generic platform driver
[    0.923373] uhci_hcd: USB Universal Host Controller Interface driver
[    0.924864] i8042: PNP: PS/2 Controller [PNP0303:PS2K,PNP0f03:PS2M] at 0x60,0x64 irq 1,12
[    0.927479] serio: i8042 KBD port at 0x60,0x64 irq 1
[    0.928654] serio: i8042 AUX port at 0x60,0x64 irq 12
[    0.929899] mousedev: PS/2 mouse device common for all mice
[    0.931629] rtc_cmos rtc_cmos: rtc core: registered rtc_cmos as rtc0
[    0.933059] rtc_cmos rtc_cmos: alarms up to one day, 114 bytes nvram
[    0.934514] i2c /dev entries driver
[    0.935441] input: AT Translated Set 2 keyboard as /devices/platform/i8042/serio0/input/input2
[    0.937912] device-mapper: uevent: version 1.0.3
[    0.939022] device-mapper: ioctl: 4.34.0-ioctl (2015-10-28) initialised: dm-devel@redhat.com
[    0.941008] ledtrig-cpu: registered to indicate activity on CPUs
[    0.942756] NET: Registered protocol family 10
[    0.944106] NET: Registered protocol family 17
[    0.945193] Key type dns_resolver registered
[    0.946405] registered taskstats version 1
[    0.947355] Loading compiled-in X.509 certificates
[    0.948899] Loaded X.509 cert 'Build time autogenerated kernel key: 75bc1b51278a37d3abb49bab6b1b0161a6cc9ec0'
[    0.951111] zswap: loaded using pool lzo/zbud
[    0.953631] Key type trusted registered
[    0.957682] Key type encrypted registered
[    0.958646] AppArmor: AppArmor sha1 policy hashing enabled
[    0.959943] ima: No TPM chip found, activating TPM-bypass!
[    0.961147] ima: Allocated hash algorithm: sha1
[    0.962175] evm: HMAC attrs: 0x1
[    0.963413]   Magic number: 11:724:962
[    0.964449] rtc_cmos rtc_cmos: setting system clock to 2019-11-02 01:59:06 UTC (1572659946)
[    0.966453] BIOS EDD facility v0.16 2004-Jun-25, 0 devices found
[    0.967763] EDD information not available.
[    1.070307] Freeing unused kernel memory: 1488K
[    1.072359] Write protecting the kernel read-only data: 14336k
[    1.075449] Freeing unused kernel memory: 1604K
[    1.078289] Freeing unused kernel memory: 60K
Loading, please wait...
starting version 229
[    1.096077] random: systemd-udevd: uninitialized urandom read (16 bytes read, 3 bits of entropy available)
[    1.096661] random: udevadm: uninitialized urandom read (16 bytes read, 3 bits of entropy available)
[    1.096680] random: udevadm: uninitialized urandom read (16 bytes read, 3 bits of entropy available)
[    1.103760] random: udevadm: uninitialized urandom read (16 bytes read, 3 bits of entropy available)
[    1.103798] random: udevadm: uninitialized urandom read (16 bytes read, 3 bits of entropy available)
[    1.103938] random: udevadm: uninitialized urandom read (16 bytes read, 3 bits of entropy available)
[    1.103978] random: udevadm: uninitialized urandom read (16 bytes read, 3 bits of entropy available)
[    1.104017] random: udevadm: uninitialized urandom read (16 bytes read, 3 bits of entropy available)
[    1.104054] random: udevadm: uninitialized urandom read (16 bytes read, 3 bits of entropy available)
[    1.104092] random: udevadm: uninitialized urandom read (16 bytes read, 3 bits of entropy available)
[    1.146512] e1000: Intel(R) PRO/1000 Network Driver - version 7.3.21-k8-NAPI
[    1.148120] e1000: Copyright (c) 1999-2006 Intel Corporation.
[    1.151473] Fusion MPT base driver 3.04.20
[    1.152647] Copyright (c) 1999-2008 LSI Corporation
[    1.177755] Fusion MPT SPI Host driver 3.04.20
[    1.181130] AVX2 version of gcm_enc/dec engaged.
[    1.182643] AES CTR mode by8 optimization enabled
[    1.370560] input: ImExPS/2 Generic Explorer Mouse as /devices/platform/i8042/serio1/input/input4
[    1.555990] e1000 0000:00:03.0 eth0: (PCI:33MHz:32-bit) 02:95:cf:22:ea:76
[    1.557581] e1000 0000:00:03.0 eth0: Intel(R) PRO/1000 Network Connection
[    1.950256] e1000 0000:00:08.0 eth1: (PCI:33MHz:32-bit) 08:00:27:f9:89:c3
[    1.953091] e1000 0000:00:08.0 eth1: Intel(R) PRO/1000 Network Connection
[    1.956891] e1000 0000:00:03.0 enp0s3: renamed from eth0
[    1.958743] mptbase: ioc0: Initiating bringup
[    1.968486] e1000 0000:00:08.0 enp0s8: renamed from eth1
[    2.034741] ioc0: LSI53C1030 A0: Capabilities={Initiator}
[    2.919517] scsi host2: ioc0: LSI53C1030 A0, FwRev=00000000h, Ports=1, MaxQ=256, IRQ=20
[    3.605085] scsi 2:0:0:0: Direct-Access     VBOX     HARDDISK         1.0  PQ: 0 ANSI: 5
[    3.609491] scsi target2:0:0: Beginning Domain Validation
[    3.612817] scsi target2:0:0: Domain Validation skipping write tests
[    3.614655] scsi target2:0:0: Ending Domain Validation
[    3.616162] scsi target2:0:0: asynchronous
[    3.617813] scsi 2:0:1:0: Direct-Access     VBOX     HARDDISK         1.0  PQ: 0 ANSI: 5
[    3.629380] scsi target2:0:1: Beginning Domain Validation
[    3.632009] scsi target2:0:1: Domain Validation skipping write tests
[    3.633437] scsi target2:0:1: Ending Domain Validation
[    3.635132] scsi target2:0:1: asynchronous
[    3.641966] sd 2:0:0:0: Attached scsi generic sg0 type 0
[    3.643392] sd 2:0:0:0: [sda] 20971520 512-byte logical blocks: (10.7 GB/10.0 GiB)
[    3.645430] sd 2:0:1:0: [sdb] 20480 512-byte logical blocks: (10.5 MB/10.0 MiB)
[    3.647117] sd 2:0:1:0: Attached scsi generic sg1 type 0
[    3.648460] sd 2:0:0:0: [sda] Write Protect is off
[    3.650027] sd 2:0:1:0: [sdb] Write Protect is off
[    3.651127] sd 2:0:0:0: [sda] Incomplete mode parameter data
[    3.652425] sd 2:0:0:0: [sda] Assuming drive cache: write through
[    3.653831] sd 2:0:1:0: [sdb] Incomplete mode parameter data
[    3.655410] sd 2:0:1:0: [sdb] Assuming drive cache: write through
[    3.656203]  sda: sda1
[    3.656661] sd 2:0:0:0: [sda] Attached SCSI disk
[    3.660654] sd 2:0:1:0: [sdb] Attached SCSI disk
Begin: Loading essential drivers ... [    4.936666] md: linear personality registered for level -1
[    4.940351] md: multipath personality registered for level -4
[    4.945407] md: raid0 personality registered for level 0
[    4.949673] md: raid1 personality registered for level 1
[    5.020075] raid6: sse2x1   gen() 12704 MB/s
[    5.087755] raid6: sse2x1   xor()  9430 MB/s
[    5.155768] raid6: sse2x2   gen() 15494 MB/s
[    5.223750] raid6: sse2x2   xor() 10737 MB/s
[    5.291713] raid6: sse2x4   gen() 17732 MB/s
[    5.359773] raid6: sse2x4   xor() 11616 MB/s
[    5.427981] raid6: avx2x1   gen() 25331 MB/s
[    5.495765] raid6: avx2x2   gen() 28990 MB/s
[    5.563815] raid6: avx2x4   gen() 31933 MB/s
[    5.565150] raid6: using algorithm avx2x4 gen() 31933 MB/s
[    5.566335] raid6: using avx2x2 recovery algorithm
[    5.568954] xor: automatically using best checksumming function:
[    5.607863]    avx       : 28570.000 MB/sec
[    5.610612] async_tx: api initialized (async)
[    5.619881] md: raid6 personality registered for level 6
[    5.621552] md: raid5 personality registered for level 5
[    5.623000] md: raid4 personality registered for level 4
[    5.630548] md: raid10 personality registered for level 10
done.
Begin: Running /scripts/init-premount ... done.
Begin: Mounting root file system ... Begin: Running /scripts/local-top ... done.
Begin: Running /scripts/local-premount ... [    5.659122] Btrfs loaded
Scanning for Btrfs filesystems
done.
Warning: fsck not present, so skipping root file system
[    5.679346] EXT4-fs (sda1): mounted filesystem with ordered data mode. Opts: (null)
done.
Begin: Running /scripts/local-bottom ... done.
Begin: Running /scripts/init-bottom ... done.
[    5.736520] systemd[1]: systemd 229 running in system mode. (+PAM +AUDIT +SELINUX +IMA +APPARMOR +SMACK +SYSVINIT +UTMP +LIBCRYPTSETUP +GCRYPT +GNUTLS +ACL +XZ -LZ4 +SECCOMP +BLKID +ELFUTILS +KMOD -IDN)
[    5.740434] systemd[1]: Detected virtualization oracle.
[    5.741594] systemd[1]: Detected architecture x86-64.

Welcome to [1mUbuntu 16.04.6 LTS[0m!

[    5.744943] systemd[1]: Set hostname to <ubuntu>.
[    5.747964] systemd[1]: Initializing machine ID from random generator.
[    5.749531] systemd[1]: Installed transient /etc/machine-id file.
[    5.833908] systemd[1]: Listening on LVM2 metadata daemon socket.
[[0;32m  OK  [0m] Listening on LVM2 metadata daemon socket.
[    5.836612] systemd[1]: Listening on Journal Audit Socket.
[[0;32m  OK  [0m] Listening on Journal Audit Socket.
[    5.838932] systemd[1]: Reached target Swap.
[[0;32m  OK  [0m] Reached target Swap.
[    5.841009] systemd[1]: Listening on LVM2 poll daemon socket.
[[0;32m  OK  [0m] Listening on LVM2 poll daemon socket.
[    5.843409] systemd[1]: Listening on Journal Socket (/dev/log).
[[0;32m  OK  [0m] Listening on Journal Socket (/dev/log).
[    5.846449] systemd[1]: Created slice System Slice.
[[0;32m  OK  [0m] Created slice System Slice.
[    5.848701] systemd[1]: Created slice system-serial\x2dgetty.slice.
[[0;32m  OK  [0m] Created slice system-serial\x2dgetty.slice.
[    5.851250] systemd[1]: Listening on udev Kernel Socket.
[[0;32m  OK  [0m] Listening on udev Kernel Socket.
[    5.853637] systemd[1]: Listening on Journal Socket.
[[0;32m  OK  [0m] Listening on Journal Socket.
[    5.876145] systemd[1]: Mounting POSIX Message Queue File System...
         Mounting POSIX Message Queue File System...
[    5.882419] systemd[1]: Starting Uncomplicated firewall...
         Starting Uncomplicated firewall...
[    5.886195] systemd[1]: Mounting Debug File System...
         Mounting Debug File System...
[    5.890150] systemd[1]: Starting Create list of required static device nodes for the current kernel...
         Starting Create list of required st... nodes for the current kernel...
[    5.900789] systemd[1]: Starting Remount Root and Kernel File Systems...
         Starting Remount Root and Kernel File Systems...
[    5.906384] EXT4-fs (sda1): re-mounted. Opts: (null)
[    5.912728] systemd[1]: Starting Nameserver information manager...
         Starting Nameserver information manager...
[    5.921407] systemd[1]: Starting Load Kernel Modules...
         Starting Load Kernel Modules...
[    5.929346] Loading iSCSI transport class v2.0-870.
[    5.932343] systemd[1]: Starting Set console keymap...
         Starting Set console keymap...
[    5.936547] systemd[1]: Reached target Encrypted Volumes.
[[0;32m  OK  [0m] Reached target Encrypted Volu[    5.938401] iscsi: registered transport (tcp)
mes.
[    5.940303] systemd[1]: Reached target User and Group Name Lookups.
[[0;32m  OK  [0m] Reached target User and Group Name Lookups.
[    5.947811] systemd[1]: Listening on /dev/initctl Compatibility Named Pipe.
[[0;32m  OK  [0m] Listening on /dev/initctl Compatibility Named Pipe.
[    5.951365] systemd[1]: Started Trigger resolvconf update for networkd DNS.
[[0;32m  OK  [0m] Started Trigger resolvconf update for networkd DNS.
[    5.967748] iscsi: registered transport (iser)
[    5.972030] systemd[1]: Mounting Huge Pages File System...
         Mounting Huge Pages File System...
[    5.974753] systemd[1]: Listening on Device-mapper event daemon FIFOs.
[[0;32m  OK  [0m] Listening on Device-mapper event daemon FIFOs.
[    5.984240] systemd[1]: Started Forward Password Requests to Wall Directory Watch.
[[0;32m  OK  [0m] Started Forward Password Requests to Wall Directory Watch.
[    5.989984] systemd[1]: Starting Monitoring of LVM2 mirrors, snapshots etc. using dmeventd or progress polling...
         Starting Monitoring of LVM2 mirrors... dmeventd or progress polling...
[    5.995767] systemd[1]: Listening on Syslog Socket.
[[0;32m  OK  [0m] Listening on Syslog Socket.
[    5.998907] systemd[1]: Starting Journal Service...
         Starting Journal Service...
[    6.001732] systemd[1]: Created slice User and Session Slice.
[[0;32m  OK  [0m] Created slice User and Session Slice.
[    6.005718] systemd[1]: Listening on udev Control Socket.
[[0;32m  OK  [0m] Listening on udev Control Socket.
[    6.008447] systemd[1]: Set up automount Arbitrary Executable File Formats File System Automount Point.
[[0;32m  OK  [0m] Set up automount Arbitrary Executab...ats File System Automount Point.
[    6.012499] systemd[1]: Reached target Slices.
[[0;32m  OK  [0m] Reached target Slices.
[    6.014632] systemd[1]: Reached target System Time Synchronized.
[[0;32m  OK  [0m] Reached target System Time Synchronized.
[    6.018648] systemd[1]: Mounted POSIX Message Queue File System.
[[0;32m  OK  [0m] Mounted POSIX Message Queue File System.
[    6.021601] systemd[1]: Mounted Huge Pages File System.
[[0;32m  OK  [0m] Mounted Huge Pages File System.
[    6.023776] systemd[1]: Mounted Debug File System.
[[0;32m  OK  [0m] Mounted Debug File System.
[    6.025953] systemd[1]: Started Journal Service.
[[0;32m  OK  [0m] Started Journal Service.
[[0;32m  OK  [0m] Started Uncomplicated firewall.
[[0;32m  OK  [0m] Started Create list of required sta...ce nodes for the current kernel.
[[0;32m  OK  [0m] Started Remount Root and Kernel File Systems.
[[0;32m  OK  [0m] Started Load Kernel Modules.
[[0;32m  OK  [0m] Started Set console keymap.
[[0;32m  OK  [0m] Started Nameserver information manager.
[[0;32m  OK  [0m] Started LVM2 metadata daemon.
         Mounting FUSE Control File System...
         Starting Apply Kernel Variables...
[    6.133705] random: nonblocking pool is initialized
         Starting udev Coldplug all Devices...
         Starting Load/Save Random Seed...
         Starting Create Static Device Nodes in /dev...
         Starting Flush Journal to Persistent Storage...
[[0;32m  OK  [0m] Mounted FUSE Control File System.
[[0;32m  OK  [0m] Started Apply Kernel Variables.
[[0;32m  OK  [0m] Started Load/Save Random Seed.
[[0;32m  OK  [0m] Started Create Static Device Nodes in /dev.
         Starting udev Kernel Device Manager...
[[0;32m  OK  [0m] Started Flush Journal to Persistent Storage.
[[0;32m  OK  [0m] Started udev Coldplug all Devices.
[[0;32m  OK  [0m] Started udev Kernel Device Manager.
[[0;32m  OK  [0m] Started Dispatch Password Requests to Console Directory Watch.
[[0;32m  OK  [0m] Found device /dev/ttyS0.
[[0;32m  OK  [0m] Listening on Load/Save RF Kill Switch Status /dev/rfkill Watch.
[[0;32m  OK  [0m] Started Monitoring of LVM2 mirrors,...ng dmeventd or progress polling.
[[0;32m  OK  [0m] Reached target Local File Systems (Pre).
[[0;32m  OK  [0m] Reached target Local File Systems.
         Starting Tell Plymouth To Write Out Runtime Data...
         Starting Commit a transient machine-id on disk...
         Starting Set console font and keymap...
         Starting Initial cloud-init job (pre-networking)...
         Starting LSB: AppArmor initialization...
         Starting Create Volatile Files and Directories...
[[0;32m  OK  [0m] Started Tell Plymouth To Write Out Runtime Data.
[[0;32m  OK  [0m] Started Commit a transient machine-id on disk.
[[0;32m  OK  [0m] Started Create Volatile Files and Directories.
         Starting Update UTMP about System Boot/Shutdown...
[[0;32m  OK  [0m] Started Update UTMP about System Boot/Shutdown.
[[0;32m  OK  [0m] Started Set console font and keymap.
[[0;32m  OK  [0m] Created slice system-getty.slice.
[[0;32m  OK  [0m] Started LSB: AppArmor initialization.
[    7.326550] cloud-init[623]: Cloud-init v. 19.2-36-g059d049c-0ubuntu2~16.04.1 running 'init-local' at Sat, 02 Nov 2019 01:59:12 +0000. Up 7.09 seconds.
[[0;32m  OK  [0m] Started Initial cloud-init job (pre-networking).
[[0;32m  OK  [0m] Reached target Network (Pre).
         Starting Raise network interfaces...
[[0;32m  OK  [0m] Started Raise network interfaces.
[[0;32m  OK  [0m] Reached target Network.
         Starting Initial cloud-init job (metadata service crawler)...
[    8.215253] cloud-init[953]: Cloud-init v. 19.2-36-g059d049c-0ubuntu2~16.04.1 running 'init' at Sat, 02 Nov 2019 01:59:13 +0000. Up 7.80 seconds.
[    8.224685] cloud-init[953]: ci-info: ++++++++++++++++++++++++++++++++++++++Net device info+++++++++++++++++++++++++++++++++++++++
[    8.232319] cloud-init[953]: ci-info: +--------+-------+----------------------------+---------------+--------+-------------------+
[    8.244088] cloud-init[953]: ci-info: | Device |   Up  |          Address           |      Mask     | Scope  |     Hw-Address    |
[[0;32m  OK  [0m] Started Initial cloud-init job (metadata service crawler).
[[0;32m  OK  [0m] Reached target Network is Online.
[    8.258672] cloud-init[953]: ci-info: +--------+-------+----------------------------+---------------+--------+-------------------+
[    8.277414] cloud-init[953]: ci-info: | enp0s3 |  True |         10.0.2.15          | 255.255.255.0 | global | 02:95:cf:22:ea:76 |
[    8.289380]          cloud-initStarting iSCSI initiator daemon (iscsid)...[953]: 
ci-info: | enp0s3 |  True | fe80::95:cfff:fe22:ea76/64 |       .       |  link  | 02:95:cf:22:ea:76 |
[    8.291537] [cloud-init[0;32m  OK  [0m[953]: ] ci-info: | enp0s8 | False |             .              |       .       |   .    | 08:00:27:f9:89:c3 |Reached target Cloud-config availability.

[[0;32m  OK  [0m] Reached target System Initialization.
[    8.292282] cloud-init[953]: ci-info: |   lo   |  True |         127.0.0.1          |   255.0.0.0   |  host  |         .         |
[    8.308803] cloud-init[[953]: [0;32m  OK  [0mci-info: |   lo   |  True |          ::1/128           |       .       |  host  |         .         |] 
Started Daily apt download activities.
[[0;32m  OK  [0m] Listening on UUID daemon activation socket.
         Starting LXD - unix socket.
[[0;32m  OK  [0m] Listening on ACPID Listen Socket.
[    8.313487] cloud-init[953]: ci-info: +--------+-------+----------------------------+---------------+--------+-------------------+
[    8.324481] [[0;32m  OK  [0m] Listening on D-Bus System Message Bus Socket.
cloud-init[953]: [[0;32m  OK  [0m] Started ACPI Events Check.
[[0;32m  OK  [0m] Reached target Paths.
ci-info: +++++++++++++++++++++++++++Route IPv4 info++++++++++++++++++++++++++++
[    8.332555] [[0;32m  OK  [0m] Started Daily Cleanup of Temporary Directories.
cloud-init[953]: ci-info: +-------+-------------+----------+---------------+-----------+-------+
[    8.335332]          cloud-initStarting Socket activation for snappy daemon.[953]: 
ci-info: | Route | Destination | Gateway  |    Genmask    | Interface | Flags |
[    8.337905] [[0;32m  OK  [0m] Started Daily apt upgrade and clean activities.
[[0;32m  OK  [0m] Started Message of the Day.
cloud-init[953]: ci-info: +-------+-------------+----------+---------------+-----------+-------+
[    8.340328] [[0;32m  OK  [0m] Reached target Timers.
cloud-init[953]: ci-info: |   0   |   0.0.0.0   | 10.0.2.2 |    0.0.0.0    |   enp0s3  |   UG  |
[    8.343241] cloud-init[953]: ci-info: |   1   |   10.0.2.0  | 0.0.0.0  | 255.255.255.0 |   enp0s3  |   U   |
[    8.353020] cloud-init[953]: ci-info: +-------+-------------+----------+---------------+-----------+-------+
[    8.364720] [[0;32m  OK  [0m] Listening on LXD - unix socket.
cloud-init[953]: ci-info: +++++++++++++++++++Route IPv6 info+++++++++++++++++++
[[0;32m  OK  [0m] Listening on Socket activation for snappy daemon.
[[0;32m  OK  [0m] Started iSCSI initiator daemon (iscsid).
[    8.366985] cloud-init[953]: ci-info: +-------+-------------+---------+-----------+-------+
[    8.381110] cloud-init[953]: ci-info: | Route | Destination | Gateway | Interface | Flags |
[    8.382888] cloud-init[953]: ci-info: +-------+-------------+---------+-----------+-------+
[    8.385570] cloud-init[953]: ci-info: |   0   |  fe80::/64  |    ::   |   enp0s3  |   U   |
         Starting Login to default iSCSI targets...
[[0;32m  OK  [0m] Reached target Sockets.
[[    8.402509] [0;32m  OK  [0mcloud-init] [953]: Reached target Basic System.ci-info: |   3   |   ff00::/8  |    ::   |   enp0s3  |   U   |

[    8.406413] cloud-init[953]: ci-info: +-------+-------------+---------+-----------+-------+
[    8.406682] cloud-init[953]: Generating public/private rsa key pair.
[    8.407443] cloud-init[953]: Your identification has been saved in /etc/ssh/ssh_host_rsa_key.
         Starting LSB: Record successful boot for GRUB...
[    8.407961] cloud-init[953]: Your public key has been saved in /etc/ssh/ssh_host_rsa_key.pub.
[    8.412111] cloud-init[953]: The key fingerprint is:
[    8.413255] cloud-init[953]: SHA256:Gr4tkE6tFMyCd1hhc6qr/RsOdyLk4iwXxCREF/5UWFM root@ubuntu-xenial
[    8.413440] cloud-init[953]: The key's randomart image is:
[    8.414109] cloud-init[953]: +---[RSA 2048]----+
[    8.414764] cloud-init[953]: |oo o=.++.E       |
[    8.415204] cloud-init[953]: |. +..=. .        |
[    8.415859] cloud-init[953]: | = *..           |
[    8.416535] cloud-init[953]: |. *.B            |
[    8.417180] cloud-init[953]: | ooo =. S        |
[    8.417836] cloud-init[953]: | o..=..o         |
[    8.418494] cloud-init[953]: |. ==+o+          |
[    8.418937] cloud-init[953]: |++.=o+.o         |
[    8.419590] cloud-init[953]: |o+..+....        |
[    8.420486] cloud-init[953]: +----[SHA256]-----+
[    8.421136] cloud-init[953]: Generating public/private dsa key pair.
[    8.421797] cloud-init[953]: Your identification has been saved in /etc/ssh/ssh_host_dsa_key.
[    8.422411] cloud-init[953]: Your public key has been saved in /etc/ssh/ssh_host_dsa_key.pub.
[    8.423246] cloud-init[953]: The key fingerprint is:
[[    8.423560] cloud-init[953]: SHA256:UYUSe8AMjUxI96iZN5DOaoAsZRpsWAz6J+sXOq0LPOY root@ubuntu-xenial
[    8.427157] cloud-init[953]: The key's randomart image is:
[    8.427730] cloud-init[953]: +---[DSA 1024]----+
[    8.429210] cloud-init[953]: |.o...++*o..o.    |
[    8.429793] cloud-init[953]: |+.. .ooo=+.      |
[0;32m  OK  [0m] Started FUSE filesystem for LXC.
[    8.430003] cloud-init[953]: |+oo o . +..      |
[    8.435214] cloud-init[953]: |+* o =   o       |
[    8.436391] cloud-init[953]: |=.o B o S        |
[    8.437519] cloud-init[953]: |o. =.. .         |
[    8.437743] cloud-init[953]: |.++o .           |
[[0;32m  OK  [0m] Started Deferred execution scheduler.
[    8.437913] cloud-init[953]: |o++ o            |
[    8.448367] cloud-init[953]: | E+=             |
[    8.448544] cloud-init[953]: +----[SHA256]-----+
[    8.449104] cloud-init[953]: Generating public/private ecdsa key pair.
[    8.449795] cloud-init[953]: Your identification has been saved in /etc/ssh/ssh_host_ecdsa_key.
[    8.450915] cloud-init[953]: Your public key has been saved in /etc/ssh/ssh_host_ecdsa_key.pub.
[    8.451510] cloud-init[953]: The key fingerprint is:
[    8.452356] cloud-init[953]: SHA256:R5fTBp87XJDrLG/lqHNvL+vl8SzQrQSt7RLNr4/hTfU root@ubuntu-xenial
[    8.452970] cloud-init[953]: The key's randomart image is:
[    8.453594] cloud-init[953]: +---[ECDSA 256]---+
[    8.454208] cloud-init[953]: |            . .. |
[    8.454826] cloud-init[953]: |             =.o |
[    8.455236] cloud-init[953]: |          . +.=..|
[    8.455648] cloud-init[953]: |         . ..+oo |
[    8.456501] cloud-init[953]: |        S .  X+..|
[    8.457212] cloud-init[953]: |         .  = O.=|
[    8.457827] cloud-init[953]: |             B.BE|
[    8.458496] cloud-init[953]: |            o.XO*|
[    8.459117] cloud-init[953]: |            .B*OX|
[    8.459532] cloud-init[953]: +----[SHA256]-----+
[    8.460378] cloud-init[953]: Generating public/private ed25519 key pair.
[    8.461001] cloud-init[953]: Your identification has been saved in /etc/ssh/ssh_host_ed25519_key.
[    8.461613] cloud-init[953]: Your public key has been saved in /etc/ssh/ssh_host_ed25519_key.pub.
[    8.462235] cloud-init[953]: The key fingerprint is:
[    8.462649] cloud-init[953]: SHA256:I3xNqPD4+MMxQw0ypz8NCmPpyzMitA20l1IgKMISLX0 root@ubuntu-xenial
[    8.463270] cloud-init[953]: The key's randomart image is:
[    8.463684] cloud-init[953]: +--[ED25519 256]--+
[    8.464319] cloud-init[953]: |++               |
[    8.464933] cloud-init[953]: |Boo E o  .       |
[    8.465743] cloud-init[953]: |=..o.= o. .      |
[    8.466386] cloud-init[953]: | .=..=o..o       |
[    8.467024] cloud-init[953]: |.oooo+=oS .      |
[    8.467646] cloud-init[953]: | =.o.o*o..       |
[    8.468511] cloud-init[953]: |..*....=         |
[    8.469127] cloud-init[953]: |o.=. .o          |
[    8.469751] cloud-init[953]: |.. o  ..         |
[    8.470373] cloud-init[953]: +----[SHA256]-----+
         Starting LXD - container startup/shutdown...
         Starting Login Service...
[[0;32m  OK  [0m] Started ACPI event daemon.
         Starting Snappy daemon...
         Starting Accounts Service...
         Starting System Logging Service...
         Starting Virtualbox guest utils...
         Starting LSB: MD monitoring daemon...
[[0;32m  OK  [0m] Started Regular background program processing daemon.
         Starting /etc/rc.local Compatibility...
         Starting Pollinate to seed the pseudo random number generator...
[[0;32m  OK  [0m] Started D-Bus System Message Bus.
[[0;32m  OK  [0m] Started System Logging Service.
[[0;32m  OK  [0m] Started LXD - container startup/shutdown.
[[0;32m  OK  [0m] Started /etc/rc.local Compatibility.
[[0;32m  OK  [0m] Started Login to default iSCSI targets.
[[0;32m  OK  [0m] Started LSB: Record successful boot for GRUB.
[[0;32m  OK  [0m] Started Login Service.
[[0;32m  OK  [0m] Started Unattended Upgrades Shutdown.
         Starting Authenticate and Authorize Users to Run Privileged Tasks...
[[0;32m  OK  [0m] Reached target Remote File Systems (Pre).
[[0;32m  OK  [0m] Reached target Remote File Systems.
         Starting LSB: Set the CPU Frequency Scaling governor to "ondemand"...
         Starting LSB: daemon to balance interrupts for SMP systems...
         Starting LSB: automatic crash report generation...
         Starting Permit User Sessions...
[[0;32m  OK  [0m] Started LSB: MD monitoring daemon.
[[0;32m  OK  [0m] Started Permit User Sessions.
[[0;32m  OK  [0m] Started Virtualbox guest utils.
[[0;32m  OK  [0m] Started Snappy daemon.
[[0;32m  OK  [0m] Started Authenticate and Authorize Users to Run Privileged Tasks.
[[0;32m  OK  [0m] Started Accounts Service.
         Starting Wait until snapd is fully seeded...
         Starting Hold until boot process finishes up...
         Starting Terminate Plymouth Boot Screen...
[[0;32m  OK  [0m] Started LSB: Set the CPU Frequency Scaling governor to "ondemand".
[[0;32m  OK  [0m] Started LSB: daemon to balance interrupts for SMP systems.
[[0;32m  OK  [0m] Started LSB: automatic crash report generation.
[[0;32m  OK  [0m] Started Hold until boot process finishes up.
[[0;32m  OK  [0m] Started Terminate Plymouth Boot Screen.
[[0;32m  OK  [0m] Started Getty on tty1.
         Starting Set console scheme...
[[0;32m  OK  [0m] Started Serial Getty on ttyS0.
[[0;32m  OK  [0m] Reached target Login Prompts.
[[0;32m  OK  [0m] Started Set console scheme.
[[0;32m  OK  [0m] Started Pollinate to seed the pseudo random number generator.
         Starting OpenBSD Secure Shell server...
[[0;32m  OK  [0m] Started OpenBSD Secure Shell server.
[[0;32m  OK  [0m] Started Wait until snapd is fully seeded.
         Starting Apply the settings specified in cloud-config...
[[0;32m  OK  [0m] Reached target Multi-User System.
[[0;32m  OK  [0m] Reached target Graphical Interface.
         Starting Update UTMP about System Runlevel Changes...
[[0;32m  OK  [0m] Started Update UTMP about System Runlevel Changes.
[   11.675102] cloud-init[1307]: Generating locales (this might take a while)...
[   12.261544] cloud-init[1307]:   en_US.UTF-8... done
[   12.264247] cloud-init[1307]: Generation complete.
[[0;32m  OK  [0m] Created slice User Slice of vagrant.
         Starting User Manager for UID 1000...
[[0;32m  OK  [0m] Started Session 1 of user vagrant.
[[0;32m  OK  [0m] Started User Manager for UID 1000.
[   12.514158] cloud-init[1307]: Cloud-init v. 19.2-36-g059d049c-0ubuntu2~16.04.1 running 'modules:config' at Sat, 02 Nov 2019 01:59:17 +0000. Up 11.60 seconds.
[[0;32m  OK  [0m] Started Apply the settings specified in cloud-config.
         Starting Execute cloud user/final scripts...
ci-info: no authorized ssh keys fingerprints found for user ubuntu.
<14>Nov  2 01:59:18 ec2: 
<14>Nov  2 01:59:18 ec2: #############################################################
<14>Nov  2 01:59:18 ec2: -----BEGIN SSH HOST KEY FINGERPRINTS-----
<14>Nov  2 01:59:18 ec2: 1024 SHA256:UYUSe8AMjUxI96iZN5DOaoAsZRpsWAz6J+sXOq0LPOY root@ubuntu-xenial (DSA)
<14>Nov  2 01:59:18 ec2: 256 SHA256:R5fTBp87XJDrLG/lqHNvL+vl8SzQrQSt7RLNr4/hTfU root@ubuntu-xenial (ECDSA)
<14>Nov  2 01:59:18 ec2: 256 SHA256:I3xNqPD4+MMxQw0ypz8NCmPpyzMitA20l1IgKMISLX0 root@ubuntu-xenial (ED25519)
<14>Nov  2 01:59:18 ec2: 2048 SHA256:Gr4tkE6tFMyCd1hhc6qr/RsOdyLk4iwXxCREF/5UWFM root@ubuntu-xenial (RSA)
<14>Nov  2 01:59:18 ec2: -----END SSH HOST KEY FINGERPRINTS-----
<14>Nov  2 01:59:18 ec2: #############################################################
-----BEGIN SSH HOST KEY KEYS-----
ecdsa-sha2-nistp256 AAAAE2VjZHNhLXNoYTItbmlzdHAyNTYAAAAIbmlzdHAyNTYAAABBBKJDuMXJfNNhn9aNLh5mOapbaiFwTqGP1Yzy8W1cuA8+7onX9r2guRU03ECxqSQs8scZqrUKEeodPPGo9x8n1/U= root@ubuntu-xenial
ssh-ed25519 AAAAC3NzaC1lZDI1NTE5AAAAIMx0UTDM9dgD70jiOxRNAjp0+dtA9D1g27YnF9qsnx0l root@ubuntu-xenial
ssh-rsa AAAAB3NzaC1yc2EAAAADAQABAAABAQCxgOjaLu531gap8PEJn11odp7nJoVX3lk6fAuK7HwmpzQ0b0XDyNGxhGnR87dud4X416FyRK/bvBV0pEa9t7gDuCv23jMijc2Q2Mzlac2ZZpvBF/gLcoVpDD9WS0GGreXf4jLvOtH9qefSrHScmEMCDnpnEDvoFu2ly4ERO9vF7lU4lWVgBlZt4kWAMHb5gT6sQHFh8n28F7yJfqhkuF1V/qQmZzUqKsBVx292xdh+3KXJIwtl3jnxVp4eryM+n3SB7VJtdLFm1vkPz9AizX5IhXbQFICcjLBrhQsT0qWtgRZ0ww76K1yivnk663RawlPF4EEWhCjL5j8G+pn+KgVJ root@ubuntu-xenial
-----END SSH HOST KEY KEYS-----
[   13.002099] cloud-init[1403]: Cloud-init v. 19.2-36-g059d049c-0ubuntu2~16.04.1 running 'modules:final' at Sat, 02 Nov 2019 01:59:18 +0000. Up 12.85 seconds.
[   13.008637] cloud-init[1403]: ci-info: no authorized ssh keys fingerprints found for user ubuntu.
[   13.009697] cloud-init[1403]: Cloud-init v. 19.2-36-g059d049c-0ubuntu2~16.04.1 finished at Sat, 02 Nov 2019 01:59:18 +0000. Datasource DataSourceNoCloud [seed=/dev/sdb][dsmode=net].  Up 12.98 seconds
[[0;32m  OK  [0m] Started Execute cloud user/final scripts.
[[0;32m  OK  [0m] Reached target Cloud-init target.

Ubuntu 16.04.6 LTS ubuntu-xenial ttyS0

ubuntu-xenial login: 